// Jest Snapshot v1, https://goo.gl/fbAQLP

exports[`FrontPage FrontPageInner should render 1`] = `
<div>
  <Component
    title=""
  />
  <Component />
  <Component>
    <Component
      filterValue=""
      onChange={[Function]}
    />
    <Component
      conferences={
        Object {
          "x": Object {
            "date": "XX/YY/ZZZ",
            "playlist": "day 1",
            "title": "fake conf title",
            "videos": Array [
              "aaa",
              "bbb",
              "ccc",
            ],
            "website": "fake url",
          },
        }
      }
    />
    <Component
      conferences={
        Object {
          "x": Object {
            "date": "XX/YY/ZZZ",
            "playlist": "day 1",
            "title": "fake conf title",
            "videos": Array [
              "aaa",
              "bbb",
              "ccc",
            ],
            "website": "fake url",
          },
        }
      }
    />
  </Component>
</div>
`;
