// Jest Snapshot v1, https://goo.gl/fbAQLP

exports[`ResultDetails should render 1`] = `
<Component
  conferences={
    Object {
      "XXXX": Object {
        "date": "XX/YY/ZZZ",
        "playlist": "day 1",
        "title": "react conf 2018",
        "videos": Array [
          "aaa",
          "bbb",
          "ccc",
        ],
        "website": "fake url",
      },
    }
  }
>
  <p
    className="resultsCount"
  >
    <span
      className="resultsNumber"
    >
       
      3
       
    </span>
     
    videos
    <span
      className="resultsNumber"
    >
       
      1
       
    </span>
     
    conference
  </p>
</Component>
`;
