// Jest Snapshot v1, https://goo.gl/fbAQLP

exports[`Header should render 1`] = `
<MemoryRouter
  initialEntries={
    Array [
      Object {
        "key": "xxxx",
      },
    ]
  }
>
  <Router
    history={
      Object {
        "action": "POP",
        "block": [Function],
        "canGo": [Function],
        "createHref": [Function],
        "entries": Array [
          Object {
            "hash": "",
            "key": "xxxx",
            "pathname": "/",
            "search": "",
          },
        ],
        "go": [Function],
        "goBack": [Function],
        "goForward": [Function],
        "index": 0,
        "length": 1,
        "listen": [Function],
        "location": Object {
          "hash": "",
          "key": "xxxx",
          "pathname": "/",
          "search": "",
        },
        "push": [Function],
        "replace": [Function],
      }
    }
  >
    <Component>
      <div
        className="header"
      >
        <Component>
          <div
            className="logo"
          >
            <Link
              className="logoLink"
              to="/search"
            >
              <a
                className="logoLink"
                href="/search"
                onClick={[Function]}
              >
                RV
              </a>
            </Link>
          </div>
        </Component>
        <div
          className="text"
        >
          <h1
            className="headerTitle"
          >
            <Link
              className="link"
              to="/search"
            >
              <a
                className="link"
                href="/search"
                onClick={[Function]}
              >
                React.js Videos
              </a>
            </Link>
          </h1>
          <p
            className="headerText"
          >
             Search React.js conference videos. 
          </p>
          <p
            className="headerText contribute"
          >
            Contribute
            <a
              className="contributeLink"
              href="https://github.com/simonccarter/react-conf-videos"
            >
              here
            </a>
            .
          </p>
        </div>
      </div>
    </Component>
  </Router>
</MemoryRouter>
`;
