// Jest Snapshot v1, https://goo.gl/fbAQLP

exports[`Header should render 1`] = `
<MemoryRouter
  initialEntries={
    Array [
      Object {
        "key": "xxxx",
      },
    ]
  }
>
  <Router
    history={
      Object {
        "action": "POP",
        "block": [Function],
        "canGo": [Function],
        "createHref": [Function],
        "entries": Array [
          Object {
            "hash": "",
            "key": "xxxx",
            "pathname": "/",
            "search": "",
          },
        ],
        "go": [Function],
        "goBack": [Function],
        "goForward": [Function],
        "index": 0,
        "length": 1,
        "listen": [Function],
        "location": Object {
          "hash": "",
          "key": "xxxx",
          "pathname": "/",
          "search": "",
        },
        "push": [Function],
        "replace": [Function],
      }
    }
  >
    <Component
      tagline="A tagline"
      title="A title"
      titleLink="/a-link"
    >
      <div
        className="header"
      >
        <Component>
          <Link
            aria-label="Reactjs Videos Homepage"
            className="logoLink"
            to="/search"
          >
            <a
              aria-label="Reactjs Videos Homepage"
              className="logoLink"
              href="/search"
              onClick={[Function]}
            >
              <div
                className="logo"
              >
                RV
              </div>
            </a>
          </Link>
        </Component>
        <div
          className="text"
        >
          <h1
            className="headerTitle"
          >
            <a
              className="link"
              href="/a-link"
            >
              A title
            </a>
          </h1>
          <p
            className="headerText"
          >
             
            A tagline
             
          </p>
          <p
            className="headerText contribute"
          >
            Contribute
            <a
              aria-label="Contribute at our github repo"
              className="contributeLink"
              href="https://github.com/simonccarter/react-conf-videos"
            >
               
              at our github repo
            </a>
            .
          </p>
        </div>
      </div>
    </Component>
  </Router>
</MemoryRouter>
`;
