// Jest Snapshot v1, https://goo.gl/fbAQLP

exports[`Video should render and connect 1`] = `
<MemoryRouter
  initialEntries={
    Array [
      Object {
        "key": "xxxx",
      },
    ]
  }
>
  <Router
    history={
      Object {
        "action": "POP",
        "block": [Function],
        "canGo": [Function],
        "createHref": [Function],
        "entries": Array [
          Object {
            "hash": "",
            "key": "xxxx",
            "pathname": "/",
            "search": "",
          },
        ],
        "go": [Function],
        "goBack": [Function],
        "goForward": [Function],
        "index": 0,
        "length": 1,
        "listen": [Function],
        "location": Object {
          "hash": "",
          "key": "xxxx",
          "pathname": "/",
          "search": "",
        },
        "push": [Function],
        "replace": [Function],
      }
    }
  >
    <Component
      conference={
        Object {
          "date": "XX/YY/ZZZ",
          "playlist": "day 1",
          "title": "fake conf title",
          "videos": Array [
            "aaa",
            "bbb",
            "ccc",
          ],
          "website": "fake url",
        }
      }
      conferenceId="yyy"
      isOpen={false}
      speaker={
        Object {
          "name": "Simon Carter",
        }
      }
      toggleIsOpen={[MockFunction]}
      video={
        Object {
          "embeddableLink": "a link",
          "length": "12:34",
          "lightning": false,
          "link": "a link",
          "presenter": "siomn carter",
          "split": "",
          "title": "test title",
        }
      }
      videoId="xxx"
    >
      <div
        className="root"
        key="xxx"
      >
        <h3
          className="heading"
        >
          <button
            aria-controls="content-xxx"
            aria-expanded={false}
            className="top"
            id="accordion-xxx"
            onClick={[Function]}
          >
            <span
              className="title"
            >
               
              test title
            </span>
            <span
              className="right"
            >
              12:34
            </span>
          </button>
        </h3>
        <div
          aria-hidden={true}
          aria-labelledby="accordion-xxx"
          className="videoWrapper"
          id="content-xxx"
        />
        <div
          className="details"
        >
          <span>
            Simon Carter
          </span>
          <Link
            aria-label="See all videos for conference fake conf title"
            to="/conference/fake-conf-title"
          >
            <a
              aria-label="See all videos for conference fake conf title"
              href="/conference/fake-conf-title"
              onClick={[Function]}
            >
              <span
                className="conferenceTitle"
              >
                fake conf title
              </span>
            </a>
          </Link>
        </div>
      </div>
    </Component>
  </Router>
</MemoryRouter>
`;
