// Jest Snapshot v1, https://goo.gl/fbAQLP

exports[`Video Video should render and connect 1`] = `
<pure(withStateHandlers(Component))
  conference={
    Object {
      "title": "A conference",
    }
  }
  conferenceId="yyy"
  dispatch={[Function]}
  speaker={
    Object {
      "name": "Simon Carter",
    }
  }
  video={
    Object {
      "embeddableLink": "a link",
      "length": "12:34",
      "link": "a link",
      "presenter": "aaa",
      "title": "test title",
    }
  }
  videoId="xxx"
/>
`;

exports[`Video VideoInner renders correctly 1`] = `
<div
  className="root"
  key="videoId1234"
>
  <div
    className="top"
    onClick={[MockFunction]}
  >
    <a
      className="title"
      href="a link"
    >
      test title
    </a>
    <span
      className="right"
    >
      12:34
    </span>
  </div>
  <div
    className="videoWrapper"
  />
  <div
    className="details"
  >
    <span>
      Simon Carter
    </span>
    <span>
      A conference
    </span>
  </div>
</div>
`;
