// Jest Snapshot v1, https://goo.gl/fbAQLP

exports[`List ListInner should render 1`] = `
<Component
  videos={
    Array [
      <Connect(pure(withStateHandlers(withHandlers(Component))))
        conferenceId="yyy"
        videoId="aaa"
      />,
      <Connect(pure(withStateHandlers(withHandlers(Component))))
        conferenceId="yyy"
        videoId="bbb"
      />,
      <Connect(pure(withStateHandlers(withHandlers(Component))))
        conferenceId="yyy"
        videoId="ccc"
      />,
    ]
  }
/>
`;
